(23 , - )		(36 , 1 )		(52 , - )		(33 , - )		(36 , 2 )
(44 , - )		(36 , 3 )		(44 , - )		(36 , 4 )		(50 , - )
(17 , - )		(52 , - )		(36 , 5 )		(44 , - )		(36 , 6 )
(50 , - )		( 4 , - )		(52 , - )		( 3 , - )		(36 , 2 )
(51 , - )		(36 , 3 )		(41 , - )		(36 , 4 )		(43 , - )
(37 , 7 )		(52 , - )		(36 , 5 )		(51 , - )		(38 , 8 )
(12 , - )		(46 , - )